#INFO: **** input file is /home/gridsan/landerson/pyscf_proj/thread_benchmark/dft_threading_benchmark.py ****
"""
-------------------
THREADING BENCHMARKING
-------------------
This module will help determine the minimum number of threads (kpt)
needed to balance performance (wall time) with numerical accuracy.

The thread count (threads) and kinetic energy (ke_cutoff) 
is held FIXED for this study.

"""

import numpy as np
import os
import sys
import time
from pyscf.pbc import dft, gto, df
from pyscf import lib
from pathlib import Path


# Get k-point mesh to sweep, in increasing density, from the command line argument
try: 
    # kpt = 1
    kpt = sys.argv[1]  # Update the KPOINT_LIST in the submit_kpt.sh
except IndexError:
    raise ValueError("Please provide a k-point mesh as a command line argument")



# Get the kinetic energy cutoff from the command line argument
# Note: This should be updated based on the results from the ke_cutoff benchmark 
try:
    # for testing purposes, we can set the kinetic energy cutoff to a fixed value
    # ke_cutoff = 200 
    ke_cutoff = sys.argv[2]  # Get the kinetic energy cutoff from the command line argument

except IndexError:
    raise ValueError("Please provide a kinetic energy cutoff as a command line argument")



# Get the number of threads from the command line argument
try:
    threads = int(os.environ.get("OMP_NUM_THREADS", 1))
except ValueError as e:
    raise RuntimeError(f"Invalid OMP_NUM_THREADS environment variable: {e}")


# Name of output file where the results will be saved.
try:
    path = Path.cwd() / "log"
except ValueError:
    print("Invalid file path. Please check the file path.")
    sys.exit(1)

# This is the name of the calculation being performed. It is used to name the output file where the results will be saved.
calc = path / f'dft_thread_{threads}'

# Convergence tolerance (Hartree) used to flag when successive energies
# have stopped changing meaningfully -- mirrors the "energy convergence
# threshold" concept from the QE exercise.
convergence_total_hartree = 1e-4


# Convergence tolerance (Hartree) used to flag when successive energies
# have stopped changing meaningfully -- mirrors the "energy convergence
# threshold" concept from the QE exercise.
convergence_total_hartree = 1e-4


'''
--------------------------
Build a Crystal Unit Cell
--------------------------
We define the crystal structure of the material being studied. 
The unit cell is built using the PySCF library's gto.Cell class, which allows us to specify the atomic positions, 
basis functions, pseudopotentials, and lattice vectors for the crystal. The output file name is also specified here.

'''
# Build the unit cell
cell = gto.Cell(

    # Add the atoms to the unit cell at specific Cartesian coordinates
    atom =  '''
        C 0.0 0.0 0.0
        C 0.0 1.42 0.0
    ''',

    # Specify Gaussian-type orbital as the basis function for periodic calculations
    basis = 'gth-dzvp',

    # Specify pseudopotentials that describes the exchange-correlation interactions between electrons
    pseudo = 'gth-lda',

    # Lattice vectors defines the positions of the atoms inside the unit cell 
    a =  [[2.46, 0.0, 0.0],
        [-1.23, 2.13, 0.0],
        [0.0, 0.0, 20.0]
    ],

    # Name of the output file where the verbose calculations will be saved
    output = f'{calc}.log',

    verbose = 4
)



'''
--------------------------
Set Calculation Parameters
--------------------------
These are the "knobs" that can be adjusted to control the 
accuracy and performance of the calculation. This is where the
kpoints (cell.make_kpts) will be benchmarked. 

'''
# Set the maximum memory for the calculation based on the amount of available RAM that can be used during the calculation
# Calculation will fail if it requires more memory than this
# Sets a 3GB limit per process for Rasberry Pi
cell.max_memory = 300 # in MB

# kinetic energy cutoff for the plane-wave basis set which determines accuracy of the calculation
cell.ke_cutoff = int(ke_cutoff)

# Number of dimensions of the crystal. In this case, we are performing a 2D calculation for a graphene sheet.
cell.dimension = 2
cell.build()

# list of k-point meshes to test. The script will perform calculations for 
#each of these meshes and record the CPU time taken for each calculation.
kmesh = cell.make_kpts([1, int(kpt),int(kpt)])

'''
---------------------------
Perform the DFT Calculation
---------------------------
This will perform the DFT calculation that will determine the total energy of the crystal for a specific k-point mesh. 
The calculation is performed using the Kohn-Sham method with a specific exchange-correlation functional (PBE in this case). 
The density fitting method is used to speed up the calculation by approximating the electron density using a set of auxiliary basis functions. 
The AFTDF method is used for this purpose, which is a specific implementation of density fitting for periodic systems. 
The SCF calculation is executed and the CPU time taken for the calculation is recorded. 
'''
# Perform the DFT calculation using the Kohn-Sham method with a specific exchange-correlation functional (PBE in this case).
mf = dft.KRKS(cell,kmesh)
mf.xc = 'pbe'

# The density fitting method is used to speed up the calculation by approximating the electron density using a set of auxiliary basis functions. 
#The AFTDF method is used for this purpose, which is a specific implementation of density fitting for periodic systems.
mf.with_df = df.AFTDF(cell, kmesh)
mf.with_df.coul_poly_cutoff = 2
        
# Execute the SCF calculation (mf.kernel()) and record the CPU time taken for the calculation.
start_time = time.time()
e_tot = mf.kernel()
end_time = time.time()


'''
-------------------------
Collect and Print Results
-------------------------
The wall time taken for the calculation is calculated by subtracting the start time from the end time
The convergence status of the SCF calculation is checked to determine if the calculation converged successfully.
The total energy is converted from Hartree to electron volts (eV) for easier interpretation.
The results of the calculation, including the k-point mesh, number of k-points, wall time, total energy, and convergence status, are printed to the console in a formatted table.
'''
# Save the wall time taken for the calculation.
wall_time = end_time - start_time

# Boolean value that prints whether the scf converged.
converged = mf.converged

# Total energy converted from Hartree to electron volts (eV) for easier interpretation.
e_tot = e_tot * 27.2114

print(f" {kpt} {converged}: {cell.ke_cutoff} {e_tot:.6f} eV {wall_time:.6f} s")
#INFO: ******************** input file end ********************


System: uname_result(system='Linux', node='d-19-1-1', release='6.1.186-llgrid', version='#20260828 SMP PREEMPT_DYNAMIC Fri Aug 28 11:13:28 EDT 2026', machine='x86_64')  Threads 4
Python 3.12.12 | packaged by conda-forge | (main, Jan 26 2026, 23:51:32) [GCC 14.3.0]
numpy 2.2.6  scipy 1.17.1  h5py 3.15.1
Date: Fri Oct  9 23:07:15 2026
PySCF version 2.14.0
PySCF path  /home/gridsan/landerson/.local/lib/python3.12/site-packages/pyscf

[CONFIG] conf_file None
[INPUT] verbose = 4
[INPUT] num. atoms = 2
[INPUT] num. electrons = 8
[INPUT] charge = 0
[INPUT] spin (= nelec alpha-beta = 2S) = 0
[INPUT] symmetry False subgroup None
[INPUT] Mole.unit = angstrom
[INPUT] Symbol           X                Y                Z      unit          X                Y                Z       unit  Magmom
[INPUT]  1 C      0.000000000000   0.000000000000   0.000000000000 AA    0.000000000000   0.000000000000   0.000000000000 Bohr   0.0
[INPUT]  2 C      0.000000000000   1.420000000000   0.000000000000 AA    0.000000000000   2.683411096882   0.000000000000 Bohr   0.0

nuclear repulsion = -19.8117516476267
number of shells = 6
number of NR pGTOs = 42
number of NR cGTOs = 26
basis = gth-dzvp
ecp = {}
CPU time:         1.21
lattice vectors  a1 [4.648726266, 0.000000000, 0.000000000]
                 a2 [-2.324363133, 4.025116645, 0.000000000]
                 a3 [0.000000000, 0.000000000, 37.794522491]
dimension = 2
low_dim_ft_type = None
Cell volume = 707.198
rcut = 22.07448407082675 (nimgs = [6 6 0])
precision = 1e-08
pseudo = gth-lda
ke_cutoff = 200
    = [ 31  31 243] mesh (233523 PWs)


******** <class 'pyscf.pbc.dft.krks.KRKS'> ********
method = KRKS
initial guess = minao
damping factor = 0
level_shift factor = 0
DIIS = <class 'pyscf.scf.diis.CDIIS'>
diis_start_cycle = 1
diis_space = 8
diis_damp = 0
SCF conv_tol = 1e-07
SCF conv_tol_grad = None
SCF max_cycles = 50
direct_scf = True
direct_scf_tol = 1e-13
chkfile to save SCF result = /state/partition1/slurm_tmp/5881340.4294967291.0/tmpnvrggfdt
max_memory 300 MB (current use 108 MB)


******** PBC SCF flags ********
N kpts = 1
Exchange divergence treatment (exxdiv) = ewald
    madelung (= occupied orbital energy shift) = 0.9064505495633752
    Total energy shift due to Ewald probe charge = -1/2 * Nelec*madelung = -3.62580219825
DF object = <pyscf.pbc.df.aft.AFTDF object at 0x7f59f97d02c0>
XC functionals = pbe
small_rho_cutoff = 0
Uniform grid, mesh = [ 31  31 243]
Set gradient conv threshold to 0.000316228
nelec by numeric integration = 7.999999999997398
init E= -12.1993791649473
  HOMO = -0.727208104227  LUMO = -0.27073857561  gap/eV = 12.42117
nelec by numeric integration = 7.999999999999165
cycle= 1 E= -11.1190820961857  delta_E= 1.08  |g|= 0.459  |ddm|= 9.16
  HOMO = -0.0611952615482  LUMO = 0.338951575397  gap/eV = 10.88855
nelec by numeric integration = 7.999999999999617
cycle= 2 E= -11.1853752664658  delta_E= -0.0663  |g|= 0.225  |ddm|=  7.7
  HOMO = -0.271707408976  LUMO = 0.143342640241  gap/eV = 11.29409
nelec by numeric integration = 7.99999999999947
cycle= 3 E= -11.2026796041339  delta_E= -0.0173  |g|= 0.00147  |ddm|= 1.91
  HOMO = -0.268847903816  LUMO = 0.14637333766  gap/eV = 11.29875
nelec by numeric integration = 7.999999999999469
cycle= 4 E= -11.2026803670427  delta_E= -7.63e-07  |g|= 0.000255  |ddm|= 0.00495
  HOMO = -0.269226086489  LUMO = 0.145977060553  gap/eV = 11.29825
nelec by numeric integration = 7.999999999999471
cycle= 5 E= -11.2026803828474  delta_E= -1.58e-08  |g|= 0.000156  |ddm|= 0.000862
  HOMO = -0.269240608263  LUMO = 0.145962454524  gap/eV = 11.29825
nelec by numeric integration = 7.999999999999467
Extra cycle  E= -11.202680372401  delta_E= 1.04e-08  |g|= 0.000264  |ddm|= 0.00116
converged SCF energy = -11.202680372401
